
  The quick brown fox jumps over the lazy dog.
  The quic╭────────────────────────────────╮g.
  The quic│ brown fox jumps over the lazy d│g.
          │ Outer card, opacity 0.7        │
  ╭───────│──────────────────────────────╮ │
  │A borde│ed box under the cards        │ │
  ╰───────│──────────────────────────────╯ │
          │     ╭────────────────────────╮ │
          │     │                        │ │
          │     │ Inner card, 0.5 of 0.7 │ │
          │     │                        │ │
          │     ╰────────────────────────╯ │
          │                                │
          │                                │
          ╰────────────────────────────────╯




