
  The quick brown fox jumps over the lazy dog.
  The quic╭────────────────────────────────╮g.
  The quic│ Outer card,uopacityr0.7e lazy d│g.
          │                                │
  ╭───────│─────╭────────────────────────╮ │
  │A borde│ed bo│ Inner card,a0.5 of 0.7 │ │
  ╰───────│─────╰────────────────────────╯ │
          │                                │
          ╰────────────────────────────────╯




