
  Scrollable list — wheel to scroll, hover highlights rows

  Row 01 — a scrollable entry                            ┃
  Row 02 — a scrollable entry                            ┃
  Row 03 — a scrollable entry
  Row 04 — a scrollable entry
  Row 05 — a scrollable entry
  Row 06 — a scrollable entry
  Row 07 — a scrollable entry
  Row 08 — a scrollable entry
  Row 09 — a scrollable entry
  Row 10 — a scrollable entry

